Archive member included because of file (symbol)

d:/program files (x86)/gnu tools arm embedded/4.8 2014q3/bin/../lib/gcc/arm-none-eabi/4.8.4/../../../../arm-none-eabi/lib/armv6-m\libm.a(lib_a-s_sin.o)
                              ..\obj\main.o (sin)
d:/program files (x86)/gnu tools arm embedded/4.8 2014q3/bin/../lib/gcc/arm-none-eabi/4.8.4/../../../../arm-none-eabi/lib/armv6-m\libm.a(lib_a-e_rem_pio2.o)
                              d:/program files (x86)/gnu tools arm embedded/4.8 2014q3/bin/../lib/gcc/arm-none-eabi/4.8.4/../../../../arm-none-eabi/lib/armv6-m\libm.a(lib_a-s_sin.o) (__ieee754_rem_pio2)
d:/program files (x86)/gnu tools arm embedded/4.8 2014q3/bin/../lib/gcc/arm-none-eabi/4.8.4/../../../../arm-none-eabi/lib/armv6-m\libm.a(lib_a-k_cos.o)
                              d:/program files (x86)/gnu tools arm embedded/4.8 2014q3/bin/../lib/gcc/arm-none-eabi/4.8.4/../../../../arm-none-eabi/lib/armv6-m\libm.a(lib_a-s_sin.o) (__kernel_cos)
d:/program files (x86)/gnu tools arm embedded/4.8 2014q3/bin/../lib/gcc/arm-none-eabi/4.8.4/../../../../arm-none-eabi/lib/armv6-m\libm.a(lib_a-k_rem_pio2.o)
                              d:/program files (x86)/gnu tools arm embedded/4.8 2014q3/bin/../lib/gcc/arm-none-eabi/4.8.4/../../../../arm-none-eabi/lib/armv6-m\libm.a(lib_a-e_rem_pio2.o) (__kernel_rem_pio2)
d:/program files (x86)/gnu tools arm embedded/4.8 2014q3/bin/../lib/gcc/arm-none-eabi/4.8.4/../../../../arm-none-eabi/lib/armv6-m\libm.a(lib_a-k_sin.o)
                              d:/program files (x86)/gnu tools arm embedded/4.8 2014q3/bin/../lib/gcc/arm-none-eabi/4.8.4/../../../../arm-none-eabi/lib/armv6-m\libm.a(lib_a-s_sin.o) (__kernel_sin)
d:/program files (x86)/gnu tools arm embedded/4.8 2014q3/bin/../lib/gcc/arm-none-eabi/4.8.4/../../../../arm-none-eabi/lib/armv6-m\libm.a(lib_a-s_fabs.o)
                              d:/program files (x86)/gnu tools arm embedded/4.8 2014q3/bin/../lib/gcc/arm-none-eabi/4.8.4/../../../../arm-none-eabi/lib/armv6-m\libm.a(lib_a-e_rem_pio2.o) (fabs)
d:/program files (x86)/gnu tools arm embedded/4.8 2014q3/bin/../lib/gcc/arm-none-eabi/4.8.4/../../../../arm-none-eabi/lib/armv6-m\libm.a(lib_a-s_floor.o)
                              d:/program files (x86)/gnu tools arm embedded/4.8 2014q3/bin/../lib/gcc/arm-none-eabi/4.8.4/../../../../arm-none-eabi/lib/armv6-m\libm.a(lib_a-k_rem_pio2.o) (floor)
d:/program files (x86)/gnu tools arm embedded/4.8 2014q3/bin/../lib/gcc/arm-none-eabi/4.8.4/../../../../arm-none-eabi/lib/armv6-m\libm.a(lib_a-s_scalbn.o)
                              d:/program files (x86)/gnu tools arm embedded/4.8 2014q3/bin/../lib/gcc/arm-none-eabi/4.8.4/../../../../arm-none-eabi/lib/armv6-m\libm.a(lib_a-k_rem_pio2.o) (scalbn)
d:/program files (x86)/gnu tools arm embedded/4.8 2014q3/bin/../lib/gcc/arm-none-eabi/4.8.4/../../../../arm-none-eabi/lib/armv6-m\libm.a(lib_a-s_copysign.o)
                              d:/program files (x86)/gnu tools arm embedded/4.8 2014q3/bin/../lib/gcc/arm-none-eabi/4.8.4/../../../../arm-none-eabi/lib/armv6-m\libm.a(lib_a-s_scalbn.o) (copysign)
d:/program files (x86)/gnu tools arm embedded/4.8 2014q3/bin/../lib/gcc/arm-none-eabi/4.8.4/armv6-m\libgcc.a(_udivsi3.o)
                              ..\obj\stm32f0xx_rcc.o (__aeabi_uidiv)
d:/program files (x86)/gnu tools arm embedded/4.8 2014q3/bin/../lib/gcc/arm-none-eabi/4.8.4/armv6-m\libgcc.a(_divsi3.o)
                              d:/program files (x86)/gnu tools arm embedded/4.8 2014q3/bin/../lib/gcc/arm-none-eabi/4.8.4/../../../../arm-none-eabi/lib/armv6-m\libm.a(lib_a-k_rem_pio2.o) (__aeabi_idiv)
d:/program files (x86)/gnu tools arm embedded/4.8 2014q3/bin/../lib/gcc/arm-none-eabi/4.8.4/armv6-m\libgcc.a(_dvmd_tls.o)
                              d:/program files (x86)/gnu tools arm embedded/4.8 2014q3/bin/../lib/gcc/arm-none-eabi/4.8.4/armv6-m\libgcc.a(_udivsi3.o) (__aeabi_idiv0)
d:/program files (x86)/gnu tools arm embedded/4.8 2014q3/bin/../lib/gcc/arm-none-eabi/4.8.4/armv6-m\libgcc.a(_arm_cmpdf2.o)
                              d:/program files (x86)/gnu tools arm embedded/4.8 2014q3/bin/../lib/gcc/arm-none-eabi/4.8.4/../../../../arm-none-eabi/lib/armv6-m\libm.a(lib_a-e_rem_pio2.o) (__aeabi_dcmpeq)
d:/program files (x86)/gnu tools arm embedded/4.8 2014q3/bin/../lib/gcc/arm-none-eabi/4.8.4/armv6-m\libgcc.a(adddf3.o)
                              ..\obj\main.o (__aeabi_dadd)
d:/program files (x86)/gnu tools arm embedded/4.8 2014q3/bin/../lib/gcc/arm-none-eabi/4.8.4/armv6-m\libgcc.a(divdf3.o)
                              ..\obj\main.o (__aeabi_ddiv)
d:/program files (x86)/gnu tools arm embedded/4.8 2014q3/bin/../lib/gcc/arm-none-eabi/4.8.4/armv6-m\libgcc.a(eqdf2.o)
                              d:/program files (x86)/gnu tools arm embedded/4.8 2014q3/bin/../lib/gcc/arm-none-eabi/4.8.4/armv6-m\libgcc.a(_arm_cmpdf2.o) (__eqdf2)
d:/program files (x86)/gnu tools arm embedded/4.8 2014q3/bin/../lib/gcc/arm-none-eabi/4.8.4/armv6-m\libgcc.a(gedf2.o)
                              d:/program files (x86)/gnu tools arm embedded/4.8 2014q3/bin/../lib/gcc/arm-none-eabi/4.8.4/armv6-m\libgcc.a(_arm_cmpdf2.o) (__gedf2)
d:/program files (x86)/gnu tools arm embedded/4.8 2014q3/bin/../lib/gcc/arm-none-eabi/4.8.4/armv6-m\libgcc.a(ledf2.o)
                              d:/program files (x86)/gnu tools arm embedded/4.8 2014q3/bin/../lib/gcc/arm-none-eabi/4.8.4/armv6-m\libgcc.a(_arm_cmpdf2.o) (__ledf2)
d:/program files (x86)/gnu tools arm embedded/4.8 2014q3/bin/../lib/gcc/arm-none-eabi/4.8.4/armv6-m\libgcc.a(muldf3.o)
                              ..\obj\main.o (__aeabi_dmul)
d:/program files (x86)/gnu tools arm embedded/4.8 2014q3/bin/../lib/gcc/arm-none-eabi/4.8.4/armv6-m\libgcc.a(subdf3.o)
                              d:/program files (x86)/gnu tools arm embedded/4.8 2014q3/bin/../lib/gcc/arm-none-eabi/4.8.4/../../../../arm-none-eabi/lib/armv6-m\libm.a(lib_a-s_sin.o) (__aeabi_dsub)
d:/program files (x86)/gnu tools arm embedded/4.8 2014q3/bin/../lib/gcc/arm-none-eabi/4.8.4/armv6-m\libgcc.a(fixdfsi.o)
                              ..\obj\main.o (__aeabi_d2iz)
d:/program files (x86)/gnu tools arm embedded/4.8 2014q3/bin/../lib/gcc/arm-none-eabi/4.8.4/armv6-m\libgcc.a(floatsidf.o)
                              ..\obj\main.o (__aeabi_i2d)
d:/program files (x86)/gnu tools arm embedded/4.8 2014q3/bin/../lib/gcc/arm-none-eabi/4.8.4/armv6-m\libgcc.a(floatunsidf.o)
                              ..\obj\main.o (__aeabi_ui2d)
d:/program files (x86)/gnu tools arm embedded/4.8 2014q3/bin/../lib/gcc/arm-none-eabi/4.8.4/armv6-m\libgcc.a(_clzsi2.o)
                              d:/program files (x86)/gnu tools arm embedded/4.8 2014q3/bin/../lib/gcc/arm-none-eabi/4.8.4/armv6-m\libgcc.a(adddf3.o) (__clzsi2)

Allocating common symbols
Common symbol       size              file

D                   0x2c              ..\obj\main.o
N                   0x3               ..\obj\main.o
G                   0x8               ..\obj\main.o
I                   0x10              ..\obj\main.o
sinewt              0x200             ..\obj\main.o

Discarded input sections

 .text          0x00000000        0x0 ..\obj\stm32f0xx_rcc.o
 .bss           0x00000000        0x0 ..\obj\stm32f0xx_rcc.o
 .text.RCC_DeInit
                0x00000000       0x88 ..\obj\stm32f0xx_rcc.o
 .text.RCC_HSEConfig
                0x00000000       0x24 ..\obj\stm32f0xx_rcc.o
 .text.RCC_WaitForHSEStartUp
                0x00000000       0x60 ..\obj\stm32f0xx_rcc.o
 .text.RCC_AdjustHSICalibrationValue
                0x00000000       0x3c ..\obj\stm32f0xx_rcc.o
 .text.RCC_HSICmd
                0x00000000       0x38 ..\obj\stm32f0xx_rcc.o
 .text.RCC_AdjustHSI14CalibrationValue
                0x00000000       0x3c ..\obj\stm32f0xx_rcc.o
 .text.RCC_HSI14Cmd
                0x00000000       0x38 ..\obj\stm32f0xx_rcc.o
 .text.RCC_HSI14ADCRequestCmd
                0x00000000       0x38 ..\obj\stm32f0xx_rcc.o
 .text.RCC_LSEConfig
                0x00000000       0x38 ..\obj\stm32f0xx_rcc.o
 .text.RCC_LSEDriveConfig
                0x00000000       0x2c ..\obj\stm32f0xx_rcc.o
 .text.RCC_LSICmd
                0x00000000       0x38 ..\obj\stm32f0xx_rcc.o
 .text.RCC_PLLConfig
                0x00000000       0x34 ..\obj\stm32f0xx_rcc.o
 .text.RCC_PLLCmd
                0x00000000       0x40 ..\obj\stm32f0xx_rcc.o
 .text.RCC_PREDIV1Config
                0x00000000       0x34 ..\obj\stm32f0xx_rcc.o
 .text.RCC_ClockSecuritySystemCmd
                0x00000000       0x40 ..\obj\stm32f0xx_rcc.o
 .text.RCC_MCOConfig
                0x00000000       0x20 ..\obj\stm32f0xx_rcc.o
 .text.RCC_SYSCLKConfig
                0x00000000       0x34 ..\obj\stm32f0xx_rcc.o
 .text.RCC_GetSYSCLKSource
                0x00000000       0x1c ..\obj\stm32f0xx_rcc.o
 .text.RCC_HCLKConfig
                0x00000000       0x34 ..\obj\stm32f0xx_rcc.o
 .text.RCC_PCLKConfig
                0x00000000       0x38 ..\obj\stm32f0xx_rcc.o
 .text.RCC_ADCCLKConfig
                0x00000000       0x50 ..\obj\stm32f0xx_rcc.o
 .text.RCC_CECCLKConfig
                0x00000000       0x2c ..\obj\stm32f0xx_rcc.o
 .text.RCC_I2CCLKConfig
                0x00000000       0x2c ..\obj\stm32f0xx_rcc.o
 .text.RCC_USARTCLKConfig
                0x00000000       0x2c ..\obj\stm32f0xx_rcc.o
 .text.RCC_RTCCLKConfig
                0x00000000       0x20 ..\obj\stm32f0xx_rcc.o
 .text.RCC_RTCCLKCmd
                0x00000000       0x40 ..\obj\stm32f0xx_rcc.o
 .text.RCC_BackupResetCmd
                0x00000000       0x40 ..\obj\stm32f0xx_rcc.o
 .text.RCC_APB1PeriphClockCmd
                0x00000000       0x3c ..\obj\stm32f0xx_rcc.o
 .text.RCC_AHBPeriphResetCmd
                0x00000000       0x3c ..\obj\stm32f0xx_rcc.o
 .text.RCC_APB2PeriphResetCmd
                0x00000000       0x3c ..\obj\stm32f0xx_rcc.o
 .text.RCC_APB1PeriphResetCmd
                0x00000000       0x3c ..\obj\stm32f0xx_rcc.o
 .text.RCC_ITConfig
                0x00000000       0x50 ..\obj\stm32f0xx_rcc.o
 .text.RCC_GetFlagStatus
                0x00000000       0x90 ..\obj\stm32f0xx_rcc.o
 .text.RCC_ClearFlag
                0x00000000       0x1c ..\obj\stm32f0xx_rcc.o
 .text.RCC_GetITStatus
                0x00000000       0x44 ..\obj\stm32f0xx_rcc.o
 .text.RCC_ClearITPendingBit
                0x00000000       0x20 ..\obj\stm32f0xx_rcc.o
 .text          0x00000000        0x0 ..\obj\main.o
 .data          0x00000000        0x0 ..\obj\main.o
 .text          0x00000000       0x14 ..\obj\startup_stm32f0xx.o
 .data          0x00000000        0x0 ..\obj\startup_stm32f0xx.o
 .bss           0x00000000        0x0 ..\obj\startup_stm32f0xx.o
 .text          0x00000000        0x0 ..\obj\stm32f0xx_dma.o
 .data          0x00000000        0x0 ..\obj\stm32f0xx_dma.o
 .bss           0x00000000        0x0 ..\obj\stm32f0xx_dma.o
 .text.DMA_DeInit
                0x00000000       0xc0 ..\obj\stm32f0xx_dma.o
 .text.DMA_StructInit
                0x00000000       0x50 ..\obj\stm32f0xx_dma.o
 .text.DMA_SetCurrDataCounter
                0x00000000       0x1c ..\obj\stm32f0xx_dma.o
 .text.DMA_GetCurrDataCounter
                0x00000000       0x18 ..\obj\stm32f0xx_dma.o
 .text.DMA_GetFlagStatus
                0x00000000       0x40 ..\obj\stm32f0xx_dma.o
 .text.DMA_ClearFlag
                0x00000000       0x18 ..\obj\stm32f0xx_dma.o
 .text          0x00000000        0x0 ..\obj\stm32f0xx_spi.o
 .data          0x00000000        0x0 ..\obj\stm32f0xx_spi.o
 .bss           0x00000000        0x0 ..\obj\stm32f0xx_spi.o
 .text.SPI_I2S_DeInit
                0x00000000       0x58 ..\obj\stm32f0xx_spi.o
 .text.SPI_StructInit
                0x00000000       0x48 ..\obj\stm32f0xx_spi.o
 .text.SPI_Init
                0x00000000      0x104 ..\obj\stm32f0xx_spi.o
 .text.I2S_StructInit
                0x00000000       0x34 ..\obj\stm32f0xx_spi.o
 .text.SPI_Cmd  0x00000000       0x40 ..\obj\stm32f0xx_spi.o
 .text.SPI_TIModeCmd
                0x00000000       0x40 ..\obj\stm32f0xx_spi.o
 .text.SPI_DataSizeConfig
                0x00000000       0x58 ..\obj\stm32f0xx_spi.o
 .text.SPI_RxFIFOThresholdConfig
                0x00000000       0x3c ..\obj\stm32f0xx_spi.o
 .text.SPI_BiDirectionalLineConfig
                0x00000000       0x48 ..\obj\stm32f0xx_spi.o
 .text.SPI_NSSInternalSoftwareConfig
                0x00000000       0x4c ..\obj\stm32f0xx_spi.o
 .text.SPI_SSOutputCmd
                0x00000000       0x40 ..\obj\stm32f0xx_spi.o
 .text.SPI_NSSPulseModeCmd
                0x00000000       0x40 ..\obj\stm32f0xx_spi.o
 .text.SPI_SendData8
                0x00000000       0x2c ..\obj\stm32f0xx_spi.o
 .text.SPI_I2S_SendData16
                0x00000000       0x1c ..\obj\stm32f0xx_spi.o
 .text.SPI_ReceiveData8
                0x00000000       0x24 ..\obj\stm32f0xx_spi.o
 .text.SPI_I2S_ReceiveData16
                0x00000000       0x18 ..\obj\stm32f0xx_spi.o
 .text.SPI_CRCLengthConfig
                0x00000000       0x3c ..\obj\stm32f0xx_spi.o
 .text.SPI_CalculateCRC
                0x00000000       0x44 ..\obj\stm32f0xx_spi.o
 .text.SPI_TransmitCRC
                0x00000000       0x20 ..\obj\stm32f0xx_spi.o
 .text.SPI_GetCRC
                0x00000000       0x44 ..\obj\stm32f0xx_spi.o
 .text.SPI_GetCRCPolynomial
                0x00000000       0x18 ..\obj\stm32f0xx_spi.o
 .text.SPI_LastDMATransferCmd
                0x00000000       0x3c ..\obj\stm32f0xx_spi.o
 .text.SPI_I2S_ITConfig
                0x00000000       0x7c ..\obj\stm32f0xx_spi.o
 .text.SPI_GetTransmissionFIFOStatus
                0x00000000       0x20 ..\obj\stm32f0xx_spi.o
 .text.SPI_GetReceptionFIFOStatus
                0x00000000       0x20 ..\obj\stm32f0xx_spi.o
 .text.SPI_I2S_GetFlagStatus
                0x00000000       0x48 ..\obj\stm32f0xx_spi.o
 .text.SPI_I2S_ClearFlag
                0x00000000       0x20 ..\obj\stm32f0xx_spi.o
 .text.SPI_I2S_GetITStatus
                0x00000000       0xb0 ..\obj\stm32f0xx_spi.o
 .text          0x00000000        0x0 ..\obj\stm32f0xx_gpio.o
 .data          0x00000000        0x0 ..\obj\stm32f0xx_gpio.o
 .bss           0x00000000        0x0 ..\obj\stm32f0xx_gpio.o
 .text.GPIO_DeInit
                0x00000000       0xc8 ..\obj\stm32f0xx_gpio.o
 .text.GPIO_StructInit
                0x00000000       0x30 ..\obj\stm32f0xx_gpio.o
 .text.GPIO_PinLockConfig
                0x00000000       0x44 ..\obj\stm32f0xx_gpio.o
 .text.GPIO_ReadInputDataBit
                0x00000000       0x48 ..\obj\stm32f0xx_gpio.o
 .text.GPIO_ReadInputData
                0x00000000       0x18 ..\obj\stm32f0xx_gpio.o
 .text.GPIO_ReadOutputDataBit
                0x00000000       0x48 ..\obj\stm32f0xx_gpio.o
 .text.GPIO_ReadOutputData
                0x00000000       0x18 ..\obj\stm32f0xx_gpio.o
 .text.GPIO_SetBits
                0x00000000       0x1c ..\obj\stm32f0xx_gpio.o
 .text.GPIO_ResetBits
                0x00000000       0x1c ..\obj\stm32f0xx_gpio.o
 .text.GPIO_WriteBit
                0x00000000       0x30 ..\obj\stm32f0xx_gpio.o
 .text.GPIO_Write
                0x00000000       0x1c ..\obj\stm32f0xx_gpio.o
 .text.GPIO_PinAFConfig
                0x00000000       0x9c ..\obj\stm32f0xx_gpio.o
 .text          0x00000000        0x0 ..\obj\system_stm32f0xx.o
 .data          0x00000000       0x14 ..\obj\system_stm32f0xx.o
 .bss           0x00000000        0x0 ..\obj\system_stm32f0xx.o
 .text.SystemCoreClockUpdate
                0x00000000       0xd0 ..\obj\system_stm32f0xx.o
 .text          0x00000000        0x0 ..\obj\stm32f0xx_misc.o
 .data          0x00000000        0x0 ..\obj\stm32f0xx_misc.o
 .bss           0x00000000        0x0 ..\obj\stm32f0xx_misc.o
 .text.NVIC_SystemLPConfig
                0x00000000       0x44 ..\obj\stm32f0xx_misc.o
 .text.SysTick_CLKSourceConfig
                0x00000000       0x34 ..\obj\stm32f0xx_misc.o
 .text          0x00000000        0x0 d:/program files (x86)/gnu tools arm embedded/4.8 2014q3/bin/../lib/gcc/arm-none-eabi/4.8.4/../../../../arm-none-eabi/lib/armv6-m\libm.a(lib_a-s_sin.o)
 .data          0x00000000        0x0 d:/program files (x86)/gnu tools arm embedded/4.8 2014q3/bin/../lib/gcc/arm-none-eabi/4.8.4/../../../../arm-none-eabi/lib/armv6-m\libm.a(lib_a-s_sin.o)
 .bss           0x00000000        0x0 d:/program files (x86)/gnu tools arm embedded/4.8 2014q3/bin/../lib/gcc/arm-none-eabi/4.8.4/../../../../arm-none-eabi/lib/armv6-m\libm.a(lib_a-s_sin.o)
 .text          0x00000000        0x0 d:/program files (x86)/gnu tools arm embedded/4.8 2014q3/bin/../lib/gcc/arm-none-eabi/4.8.4/../../../../arm-none-eabi/lib/armv6-m\libm.a(lib_a-e_rem_pio2.o)
 .data          0x00000000        0x0 d:/program files (x86)/gnu tools arm embedded/4.8 2014q3/bin/../lib/gcc/arm-none-eabi/4.8.4/../../../../arm-none-eabi/lib/armv6-m\libm.a(lib_a-e_rem_pio2.o)
 .bss           0x00000000        0x0 d:/program files (x86)/gnu tools arm embedded/4.8 2014q3/bin/../lib/gcc/arm-none-eabi/4.8.4/../../../../arm-none-eabi/lib/armv6-m\libm.a(lib_a-e_rem_pio2.o)
 .text          0x00000000        0x0 d:/program files (x86)/gnu tools arm embedded/4.8 2014q3/bin/../lib/gcc/arm-none-eabi/4.8.4/../../../../arm-none-eabi/lib/armv6-m\libm.a(lib_a-k_cos.o)
 .data          0x00000000        0x0 d:/program files (x86)/gnu tools arm embedded/4.8 2014q3/bin/../lib/gcc/arm-none-eabi/4.8.4/../../../../arm-none-eabi/lib/armv6-m\libm.a(lib_a-k_cos.o)
 .bss           0x00000000        0x0 d:/program files (x86)/gnu tools arm embedded/4.8 2014q3/bin/../lib/gcc/arm-none-eabi/4.8.4/../../../../arm-none-eabi/lib/armv6-m\libm.a(lib_a-k_cos.o)
 .text          0x00000000        0x0 d:/program files (x86)/gnu tools arm embedded/4.8 2014q3/bin/../lib/gcc/arm-none-eabi/4.8.4/../../../../arm-none-eabi/lib/armv6-m\libm.a(lib_a-k_rem_pio2.o)
 .data          0x00000000        0x0 d:/program files (x86)/gnu tools arm embedded/4.8 2014q3/bin/../lib/gcc/arm-none-eabi/4.8.4/../../../../arm-none-eabi/lib/armv6-m\libm.a(lib_a-k_rem_pio2.o)
 .bss           0x00000000        0x0 d:/program files (x86)/gnu tools arm embedded/4.8 2014q3/bin/../lib/gcc/arm-none-eabi/4.8.4/../../../../arm-none-eabi/lib/armv6-m\libm.a(lib_a-k_rem_pio2.o)
 .text          0x00000000        0x0 d:/program files (x86)/gnu tools arm embedded/4.8 2014q3/bin/../lib/gcc/arm-none-eabi/4.8.4/../../../../arm-none-eabi/lib/armv6-m\libm.a(lib_a-k_sin.o)
 .data          0x00000000        0x0 d:/program files (x86)/gnu tools arm embedded/4.8 2014q3/bin/../lib/gcc/arm-none-eabi/4.8.4/../../../../arm-none-eabi/lib/armv6-m\libm.a(lib_a-k_sin.o)
 .bss           0x00000000        0x0 d:/program files (x86)/gnu tools arm embedded/4.8 2014q3/bin/../lib/gcc/arm-none-eabi/4.8.4/../../../../arm-none-eabi/lib/armv6-m\libm.a(lib_a-k_sin.o)
 .text          0x00000000        0x0 d:/program files (x86)/gnu tools arm embedded/4.8 2014q3/bin/../lib/gcc/arm-none-eabi/4.8.4/../../../../arm-none-eabi/lib/armv6-m\libm.a(lib_a-s_fabs.o)
 .data          0x00000000        0x0 d:/program files (x86)/gnu tools arm embedded/4.8 2014q3/bin/../lib/gcc/arm-none-eabi/4.8.4/../../../../arm-none-eabi/lib/armv6-m\libm.a(lib_a-s_fabs.o)
 .bss           0x00000000        0x0 d:/program files (x86)/gnu tools arm embedded/4.8 2014q3/bin/../lib/gcc/arm-none-eabi/4.8.4/../../../../arm-none-eabi/lib/armv6-m\libm.a(lib_a-s_fabs.o)
 .text          0x00000000        0x0 d:/program files (x86)/gnu tools arm embedded/4.8 2014q3/bin/../lib/gcc/arm-none-eabi/4.8.4/../../../../arm-none-eabi/lib/armv6-m\libm.a(lib_a-s_floor.o)
 .data          0x00000000        0x0 d:/program files (x86)/gnu tools arm embedded/4.8 2014q3/bin/../lib/gcc/arm-none-eabi/4.8.4/../../../../arm-none-eabi/lib/armv6-m\libm.a(lib_a-s_floor.o)
 .bss           0x00000000        0x0 d:/program files (x86)/gnu tools arm embedded/4.8 2014q3/bin/../lib/gcc/arm-none-eabi/4.8.4/../../../../arm-none-eabi/lib/armv6-m\libm.a(lib_a-s_floor.o)
 .text          0x00000000        0x0 d:/program files (x86)/gnu tools arm embedded/4.8 2014q3/bin/../lib/gcc/arm-none-eabi/4.8.4/../../../../arm-none-eabi/lib/armv6-m\libm.a(lib_a-s_scalbn.o)
 .data          0x00000000        0x0 d:/program files (x86)/gnu tools arm embedded/4.8 2014q3/bin/../lib/gcc/arm-none-eabi/4.8.4/../../../../arm-none-eabi/lib/armv6-m\libm.a(lib_a-s_scalbn.o)
 .bss           0x00000000        0x0 d:/program files (x86)/gnu tools arm embedded/4.8 2014q3/bin/../lib/gcc/arm-none-eabi/4.8.4/../../../../arm-none-eabi/lib/armv6-m\libm.a(lib_a-s_scalbn.o)
 .text          0x00000000        0x0 d:/program files (x86)/gnu tools arm embedded/4.8 2014q3/bin/../lib/gcc/arm-none-eabi/4.8.4/../../../../arm-none-eabi/lib/armv6-m\libm.a(lib_a-s_copysign.o)
 .data          0x00000000        0x0 d:/program files (x86)/gnu tools arm embedded/4.8 2014q3/bin/../lib/gcc/arm-none-eabi/4.8.4/../../../../arm-none-eabi/lib/armv6-m\libm.a(lib_a-s_copysign.o)
 .bss           0x00000000        0x0 d:/program files (x86)/gnu tools arm embedded/4.8 2014q3/bin/../lib/gcc/arm-none-eabi/4.8.4/../../../../arm-none-eabi/lib/armv6-m\libm.a(lib_a-s_copysign.o)
 .data          0x00000000        0x0 d:/program files (x86)/gnu tools arm embedded/4.8 2014q3/bin/../lib/gcc/arm-none-eabi/4.8.4/armv6-m\libgcc.a(_udivsi3.o)
 .bss           0x00000000        0x0 d:/program files (x86)/gnu tools arm embedded/4.8 2014q3/bin/../lib/gcc/arm-none-eabi/4.8.4/armv6-m\libgcc.a(_udivsi3.o)
 .data          0x00000000        0x0 d:/program files (x86)/gnu tools arm embedded/4.8 2014q3/bin/../lib/gcc/arm-none-eabi/4.8.4/armv6-m\libgcc.a(_divsi3.o)
 .bss           0x00000000        0x0 d:/program files (x86)/gnu tools arm embedded/4.8 2014q3/bin/../lib/gcc/arm-none-eabi/4.8.4/armv6-m\libgcc.a(_divsi3.o)
 .data          0x00000000        0x0 d:/program files (x86)/gnu tools arm embedded/4.8 2014q3/bin/../lib/gcc/arm-none-eabi/4.8.4/armv6-m\libgcc.a(_dvmd_tls.o)
 .bss           0x00000000        0x0 d:/program files (x86)/gnu tools arm embedded/4.8 2014q3/bin/../lib/gcc/arm-none-eabi/4.8.4/armv6-m\libgcc.a(_dvmd_tls.o)
 .data          0x00000000        0x0 d:/program files (x86)/gnu tools arm embedded/4.8 2014q3/bin/../lib/gcc/arm-none-eabi/4.8.4/armv6-m\libgcc.a(_arm_cmpdf2.o)
 .bss           0x00000000        0x0 d:/program files (x86)/gnu tools arm embedded/4.8 2014q3/bin/../lib/gcc/arm-none-eabi/4.8.4/armv6-m\libgcc.a(_arm_cmpdf2.o)
 .data          0x00000000        0x0 d:/program files (x86)/gnu tools arm embedded/4.8 2014q3/bin/../lib/gcc/arm-none-eabi/4.8.4/armv6-m\libgcc.a(adddf3.o)
 .bss           0x00000000        0x0 d:/program files (x86)/gnu tools arm embedded/4.8 2014q3/bin/../lib/gcc/arm-none-eabi/4.8.4/armv6-m\libgcc.a(adddf3.o)
 .data          0x00000000        0x0 d:/program files (x86)/gnu tools arm embedded/4.8 2014q3/bin/../lib/gcc/arm-none-eabi/4.8.4/armv6-m\libgcc.a(divdf3.o)
 .bss           0x00000000        0x0 d:/program files (x86)/gnu tools arm embedded/4.8 2014q3/bin/../lib/gcc/arm-none-eabi/4.8.4/armv6-m\libgcc.a(divdf3.o)
 .data          0x00000000        0x0 d:/program files (x86)/gnu tools arm embedded/4.8 2014q3/bin/../lib/gcc/arm-none-eabi/4.8.4/armv6-m\libgcc.a(eqdf2.o)
 .bss           0x00000000        0x0 d:/program files (x86)/gnu tools arm embedded/4.8 2014q3/bin/../lib/gcc/arm-none-eabi/4.8.4/armv6-m\libgcc.a(eqdf2.o)
 .data          0x00000000        0x0 d:/program files (x86)/gnu tools arm embedded/4.8 2014q3/bin/../lib/gcc/arm-none-eabi/4.8.4/armv6-m\libgcc.a(gedf2.o)
 .bss           0x00000000        0x0 d:/program files (x86)/gnu tools arm embedded/4.8 2014q3/bin/../lib/gcc/arm-none-eabi/4.8.4/armv6-m\libgcc.a(gedf2.o)
 .data          0x00000000        0x0 d:/program files (x86)/gnu tools arm embedded/4.8 2014q3/bin/../lib/gcc/arm-none-eabi/4.8.4/armv6-m\libgcc.a(ledf2.o)
 .bss           0x00000000        0x0 d:/program files (x86)/gnu tools arm embedded/4.8 2014q3/bin/../lib/gcc/arm-none-eabi/4.8.4/armv6-m\libgcc.a(ledf2.o)
 .data          0x00000000        0x0 d:/program files (x86)/gnu tools arm embedded/4.8 2014q3/bin/../lib/gcc/arm-none-eabi/4.8.4/armv6-m\libgcc.a(muldf3.o)
 .bss           0x00000000        0x0 d:/program files (x86)/gnu tools arm embedded/4.8 2014q3/bin/../lib/gcc/arm-none-eabi/4.8.4/armv6-m\libgcc.a(muldf3.o)
 .data          0x00000000        0x0 d:/program files (x86)/gnu tools arm embedded/4.8 2014q3/bin/../lib/gcc/arm-none-eabi/4.8.4/armv6-m\libgcc.a(subdf3.o)
 .bss           0x00000000        0x0 d:/program files (x86)/gnu tools arm embedded/4.8 2014q3/bin/../lib/gcc/arm-none-eabi/4.8.4/armv6-m\libgcc.a(subdf3.o)
 .data          0x00000000        0x0 d:/program files (x86)/gnu tools arm embedded/4.8 2014q3/bin/../lib/gcc/arm-none-eabi/4.8.4/armv6-m\libgcc.a(fixdfsi.o)
 .bss           0x00000000        0x0 d:/program files (x86)/gnu tools arm embedded/4.8 2014q3/bin/../lib/gcc/arm-none-eabi/4.8.4/armv6-m\libgcc.a(fixdfsi.o)
 .data          0x00000000        0x0 d:/program files (x86)/gnu tools arm embedded/4.8 2014q3/bin/../lib/gcc/arm-none-eabi/4.8.4/armv6-m\libgcc.a(floatsidf.o)
 .bss           0x00000000        0x0 d:/program files (x86)/gnu tools arm embedded/4.8 2014q3/bin/../lib/gcc/arm-none-eabi/4.8.4/armv6-m\libgcc.a(floatsidf.o)
 .data          0x00000000        0x0 d:/program files (x86)/gnu tools arm embedded/4.8 2014q3/bin/../lib/gcc/arm-none-eabi/4.8.4/armv6-m\libgcc.a(floatunsidf.o)
 .bss           0x00000000        0x0 d:/program files (x86)/gnu tools arm embedded/4.8 2014q3/bin/../lib/gcc/arm-none-eabi/4.8.4/armv6-m\libgcc.a(floatunsidf.o)
 .data          0x00000000        0x0 d:/program files (x86)/gnu tools arm embedded/4.8 2014q3/bin/../lib/gcc/arm-none-eabi/4.8.4/armv6-m\libgcc.a(_clzsi2.o)
 .bss           0x00000000        0x0 d:/program files (x86)/gnu tools arm embedded/4.8 2014q3/bin/../lib/gcc/arm-none-eabi/4.8.4/armv6-m\libgcc.a(_clzsi2.o)

Memory Configuration

Name             Origin             Length             Attributes
rom              0x08000000         0x00010000         xr
ram              0x20000000         0x00002000         xrw
*default*        0x00000000         0xffffffff

Linker script and memory map

                0x20002000                _eram = 0x20002000

.text           0x08000000     0x4158
 *(.isr_vector)
 .isr_vector    0x08000000       0xc4 ..\obj\startup_stm32f0xx.o
                0x08000000                g_pfnVectors
 *(.text*)
 .text.RCC_GetClocksFreq
                0x080000c4      0x1cc ..\obj\stm32f0xx_rcc.o
                0x080000c4                RCC_GetClocksFreq
 .text.RCC_AHBPeriphClockCmd
                0x08000290       0x3c ..\obj\stm32f0xx_rcc.o
                0x08000290                RCC_AHBPeriphClockCmd
 .text.RCC_APB2PeriphClockCmd
                0x080002cc       0x3c ..\obj\stm32f0xx_rcc.o
                0x080002cc                RCC_APB2PeriphClockCmd
 .text.Populate
                0x08000308       0xa0 ..\obj\main.o
                0x08000308                Populate
 .text.DMA1_Channel2_3_IRQHandler
                0x080003a8       0x4c ..\obj\main.o
                0x080003a8                DMA1_Channel2_3_IRQHandler
 *fill*         0x080003f4        0x4 
 .text.main     0x080003f8      0x228 ..\obj\main.o
                0x080003f8                main
 .text.Reset_Handler
                0x08000620       0x4c ..\obj\startup_stm32f0xx.o
                0x08000620                Reset_Handler
 .text.Default_Handler
                0x0800066c        0x2 ..\obj\startup_stm32f0xx.o
                0x0800066c                TIM1_CC_IRQHandler
                0x0800066c                HardFault_Handler
                0x0800066c                ADC1_COMP_IRQHandler
                0x0800066c                SysTick_Handler
                0x0800066c                PVD_IRQHandler
                0x0800066c                PendSV_Handler
                0x0800066c                NMI_Handler
                0x0800066c                I2C1_IRQHandler
                0x0800066c                SPI1_IRQHandler
                0x0800066c                TIM6_DAC_IRQHandler
                0x0800066c                EXTI2_3_IRQHandler
                0x0800066c                I2C2_IRQHandler
                0x0800066c                TIM17_IRQHandler
                0x0800066c                RTC_IRQHandler
                0x0800066c                TIM16_IRQHandler
                0x0800066c                TIM3_IRQHandler
                0x0800066c                EXTI4_15_IRQHandler
                0x0800066c                RCC_IRQHandler
                0x0800066c                DMA1_Channel1_IRQHandler
                0x0800066c                Default_Handler
                0x0800066c                CEC_IRQHandler
                0x0800066c                TIM14_IRQHandler
                0x0800066c                DMA1_Channel4_5_IRQHandler
                0x0800066c                TIM15_IRQHandler
                0x0800066c                EXTI0_1_IRQHandler
                0x0800066c                SPI2_IRQHandler
                0x0800066c                SVC_Handler
                0x0800066c                TS_IRQHandler
                0x0800066c                WWDG_IRQHandler
                0x0800066c                TIM2_IRQHandler
                0x0800066c                USART2_IRQHandler
                0x0800066c                FLASH_IRQHandler
                0x0800066c                USART1_IRQHandler
                0x0800066c                TIM1_BRK_UP_TRG_COM_IRQHandler
 *fill*         0x0800066e        0x2 
 .text.DMA_Init
                0x08000670       0x78 ..\obj\stm32f0xx_dma.o
                0x08000670                DMA_Init
 .text.DMA_Cmd  0x080006e8       0x3c ..\obj\stm32f0xx_dma.o
                0x080006e8                DMA_Cmd
 .text.DMA_ITConfig
                0x08000724       0x38 ..\obj\stm32f0xx_dma.o
                0x08000724                DMA_ITConfig
 .text.DMA_GetITStatus
                0x0800075c       0x40 ..\obj\stm32f0xx_dma.o
                0x0800075c                DMA_GetITStatus
 .text.DMA_ClearITPendingBit
                0x0800079c       0x18 ..\obj\stm32f0xx_dma.o
                0x0800079c                DMA_ClearITPendingBit
 .text.I2S_Init
                0x080007b4      0x1c0 ..\obj\stm32f0xx_spi.o
                0x080007b4                I2S_Init
 .text.I2S_Cmd  0x08000974       0x44 ..\obj\stm32f0xx_spi.o
                0x08000974                I2S_Cmd
 .text.SPI_I2S_DMACmd
                0x080009b8       0x48 ..\obj\stm32f0xx_spi.o
                0x080009b8                SPI_I2S_DMACmd
 .text.GPIO_Init
                0x08000a00      0x138 ..\obj\stm32f0xx_gpio.o
                0x08000a00                GPIO_Init
 .text.SystemInit
                0x08000b38       0x8c ..\obj\system_stm32f0xx.o
                0x08000b38                SystemInit
 .text.SetSysClock
                0x08000bc4       0xf8 ..\obj\system_stm32f0xx.o
 .text.NVIC_Init
                0x08000cbc       0xac ..\obj\stm32f0xx_misc.o
                0x08000cbc                NVIC_Init
 .text.sin      0x08000d68       0xb0 d:/program files (x86)/gnu tools arm embedded/4.8 2014q3/bin/../lib/gcc/arm-none-eabi/4.8.4/../../../../arm-none-eabi/lib/armv6-m\libm.a(lib_a-s_sin.o)
                0x08000d68                sin
 .text.__ieee754_rem_pio2
                0x08000e18      0x478 d:/program files (x86)/gnu tools arm embedded/4.8 2014q3/bin/../lib/gcc/arm-none-eabi/4.8.4/../../../../arm-none-eabi/lib/armv6-m\libm.a(lib_a-e_rem_pio2.o)
                0x08000e18                __ieee754_rem_pio2
 .text.__kernel_cos
                0x08001290      0x248 d:/program files (x86)/gnu tools arm embedded/4.8 2014q3/bin/../lib/gcc/arm-none-eabi/4.8.4/../../../../arm-none-eabi/lib/armv6-m\libm.a(lib_a-k_cos.o)
                0x08001290                __kernel_cos
 .text.__kernel_rem_pio2
                0x080014d8      0x830 d:/program files (x86)/gnu tools arm embedded/4.8 2014q3/bin/../lib/gcc/arm-none-eabi/4.8.4/../../../../arm-none-eabi/lib/armv6-m\libm.a(lib_a-k_rem_pio2.o)
                0x080014d8                __kernel_rem_pio2
 .text.__kernel_sin
                0x08001d08      0x158 d:/program files (x86)/gnu tools arm embedded/4.8 2014q3/bin/../lib/gcc/arm-none-eabi/4.8.4/../../../../arm-none-eabi/lib/armv6-m\libm.a(lib_a-k_sin.o)
                0x08001d08                __kernel_sin
 .text.fabs     0x08001e60        0x8 d:/program files (x86)/gnu tools arm embedded/4.8 2014q3/bin/../lib/gcc/arm-none-eabi/4.8.4/../../../../arm-none-eabi/lib/armv6-m\libm.a(lib_a-s_fabs.o)
                0x08001e60                fabs
 .text.floor    0x08001e68      0x170 d:/program files (x86)/gnu tools arm embedded/4.8 2014q3/bin/../lib/gcc/arm-none-eabi/4.8.4/../../../../arm-none-eabi/lib/armv6-m\libm.a(lib_a-s_floor.o)
                0x08001e68                floor
 .text.scalbn   0x08001fd8      0x110 d:/program files (x86)/gnu tools arm embedded/4.8 2014q3/bin/../lib/gcc/arm-none-eabi/4.8.4/../../../../arm-none-eabi/lib/armv6-m\libm.a(lib_a-s_scalbn.o)
                0x08001fd8                scalbn
 .text.copysign
                0x080020e8       0x10 d:/program files (x86)/gnu tools arm embedded/4.8 2014q3/bin/../lib/gcc/arm-none-eabi/4.8.4/../../../../arm-none-eabi/lib/armv6-m\libm.a(lib_a-s_copysign.o)
                0x080020e8                copysign
 .text          0x080020f8       0x9c d:/program files (x86)/gnu tools arm embedded/4.8 2014q3/bin/../lib/gcc/arm-none-eabi/4.8.4/armv6-m\libgcc.a(_udivsi3.o)
                0x080020f8                __aeabi_uidiv
                0x080020f8                __udivsi3
                0x08002180                __aeabi_uidivmod
 .text          0x08002194       0xc0 d:/program files (x86)/gnu tools arm embedded/4.8 2014q3/bin/../lib/gcc/arm-none-eabi/4.8.4/armv6-m\libgcc.a(_divsi3.o)
                0x08002194                __divsi3
                0x08002194                __aeabi_idiv
                0x08002240                __aeabi_idivmod
 .text          0x08002254        0x4 d:/program files (x86)/gnu tools arm embedded/4.8 2014q3/bin/../lib/gcc/arm-none-eabi/4.8.4/armv6-m\libgcc.a(_dvmd_tls.o)
                0x08002254                __aeabi_idiv0
                0x08002254                __aeabi_ldiv0
 .text          0x08002258       0x7c d:/program files (x86)/gnu tools arm embedded/4.8 2014q3/bin/../lib/gcc/arm-none-eabi/4.8.4/armv6-m\libgcc.a(_arm_cmpdf2.o)
                0x08002258                __aeabi_cdrcmple
                0x08002268                __aeabi_cdcmple
                0x08002268                __aeabi_cdcmpeq
                0x08002278                __aeabi_dcmpeq
                0x08002284                __aeabi_dcmplt
                0x08002298                __aeabi_dcmple
                0x080022ac                __aeabi_dcmpgt
                0x080022c0                __aeabi_dcmpge
 .text          0x080022d4      0x644 d:/program files (x86)/gnu tools arm embedded/4.8 2014q3/bin/../lib/gcc/arm-none-eabi/4.8.4/armv6-m\libgcc.a(adddf3.o)
                0x080022d4                __aeabi_dadd
 .text          0x08002918      0x648 d:/program files (x86)/gnu tools arm embedded/4.8 2014q3/bin/../lib/gcc/arm-none-eabi/4.8.4/armv6-m\libgcc.a(divdf3.o)
                0x08002918                __aeabi_ddiv
 .text          0x08002f60       0x94 d:/program files (x86)/gnu tools arm embedded/4.8 2014q3/bin/../lib/gcc/arm-none-eabi/4.8.4/armv6-m\libgcc.a(eqdf2.o)
                0x08002f60                __nedf2
                0x08002f60                __eqdf2
 .text          0x08002ff4       0xfc d:/program files (x86)/gnu tools arm embedded/4.8 2014q3/bin/../lib/gcc/arm-none-eabi/4.8.4/armv6-m\libgcc.a(gedf2.o)
                0x08002ff4                __gedf2
                0x08002ff4                __gtdf2
 .text          0x080030f0       0xfc d:/program files (x86)/gnu tools arm embedded/4.8 2014q3/bin/../lib/gcc/arm-none-eabi/4.8.4/armv6-m\libgcc.a(ledf2.o)
                0x080030f0                __ledf2
                0x080030f0                __ltdf2
 .text          0x080031ec      0x520 d:/program files (x86)/gnu tools arm embedded/4.8 2014q3/bin/../lib/gcc/arm-none-eabi/4.8.4/armv6-m\libgcc.a(muldf3.o)
                0x080031ec                __aeabi_dmul
 .text          0x0800370c      0x668 d:/program files (x86)/gnu tools arm embedded/4.8 2014q3/bin/../lib/gcc/arm-none-eabi/4.8.4/armv6-m\libgcc.a(subdf3.o)
                0x0800370c                __aeabi_dsub
 .text          0x08003d74       0x68 d:/program files (x86)/gnu tools arm embedded/4.8 2014q3/bin/../lib/gcc/arm-none-eabi/4.8.4/armv6-m\libgcc.a(fixdfsi.o)
                0x08003d74                __aeabi_d2iz
 .text          0x08003ddc       0x7c d:/program files (x86)/gnu tools arm embedded/4.8 2014q3/bin/../lib/gcc/arm-none-eabi/4.8.4/armv6-m\libgcc.a(floatsidf.o)
                0x08003ddc                __aeabi_i2d
 .text          0x08003e58       0x68 d:/program files (x86)/gnu tools arm embedded/4.8 2014q3/bin/../lib/gcc/arm-none-eabi/4.8.4/armv6-m\libgcc.a(floatunsidf.o)
                0x08003e58                __aeabi_ui2d
 .text          0x08003ec0       0x3c d:/program files (x86)/gnu tools arm embedded/4.8 2014q3/bin/../lib/gcc/arm-none-eabi/4.8.4/armv6-m\libgcc.a(_clzsi2.o)
                0x08003ec0                __clzsi2
 *(.init)
 *(.fini)
 *crtbegin.o(.ctors)
 *crtbegin?.o(.ctors)
 *(EXCLUDE_FILE(*crtend.o *crtend?.o) .ctors)
 *(SORT(.ctors.*))
 *(.ctors)
 *crtbegin.o(.dtors)
 *crtbegin?.o(.dtors)
 *(EXCLUDE_FILE(*crtend.o *crtend?.o) .dtors)
 *(SORT(.dtors.*))
 *(.dtors)
 *(.rodata*)
 .rodata.npio2_hw
                0x08003efc       0x80 d:/program files (x86)/gnu tools arm embedded/4.8 2014q3/bin/../lib/gcc/arm-none-eabi/4.8.4/../../../../arm-none-eabi/lib/armv6-m\libm.a(lib_a-e_rem_pio2.o)
 .rodata.two_over_pi
                0x08003f7c      0x108 d:/program files (x86)/gnu tools arm embedded/4.8 2014q3/bin/../lib/gcc/arm-none-eabi/4.8.4/../../../../arm-none-eabi/lib/armv6-m\libm.a(lib_a-e_rem_pio2.o)
 .rodata.init_jk
                0x08004084       0x10 d:/program files (x86)/gnu tools arm embedded/4.8 2014q3/bin/../lib/gcc/arm-none-eabi/4.8.4/../../../../arm-none-eabi/lib/armv6-m\libm.a(lib_a-k_rem_pio2.o)
 *fill*         0x08004094        0x4 
 .rodata.PIo2   0x08004098       0x40 d:/program files (x86)/gnu tools arm embedded/4.8 2014q3/bin/../lib/gcc/arm-none-eabi/4.8.4/../../../../arm-none-eabi/lib/armv6-m\libm.a(lib_a-k_rem_pio2.o)
 .rodata        0x080040d8       0x40 d:/program files (x86)/gnu tools arm embedded/4.8 2014q3/bin/../lib/gcc/arm-none-eabi/4.8.4/armv6-m\libgcc.a(divdf3.o)
 .rodata        0x08004118       0x40 d:/program files (x86)/gnu tools arm embedded/4.8 2014q3/bin/../lib/gcc/arm-none-eabi/4.8.4/armv6-m\libgcc.a(muldf3.o)
 *(.eh_fram e*)

.glue_7         0x08004158        0x0
 .glue_7        0x00000000        0x0 linker stubs

.glue_7t        0x08004158        0x0
 .glue_7t       0x00000000        0x0 linker stubs

.vfp11_veneer   0x08004158        0x0
 .vfp11_veneer  0x00000000        0x0 linker stubs

.v4_bx          0x08004158        0x0
 .v4_bx         0x00000000        0x0 linker stubs

.iplt           0x08004158        0x0
 .iplt          0x00000000        0x0 ..\obj\stm32f0xx_rcc.o

.rel.dyn        0x08004158        0x0
 .rel.iplt      0x00000000        0x0 ..\obj\stm32f0xx_rcc.o

.ARM.extab
 *(.ARM.extab* .gnu.linkonce.armextab.*)
                0x08004158                __exidx_start = .

.ARM.exidx
 *(.ARM.exidx* .gnu.linkonce.armexidx.*)
                0x08004158                __exidx_end = .
                0x08004158                __etext = .
                0x08004158                _sidata = __etext

.data           0x20000000       0x10 load address 0x08004158
                0x20000000                __data_start__ = .
                0x20000000                _sdata = __data_start__
 *(vtable)
 *(.data*)
 .data          0x20000000       0x10 ..\obj\stm32f0xx_rcc.o
                0x20000010                . = ALIGN (0x4)
                0x20000010                PROVIDE (__preinit_array_start, .)
 *(.preinit_array)
                0x20000010                PROVIDE (__preinit_array_end, .)
                0x20000010                . = ALIGN (0x4)
                0x20000010                PROVIDE (__init_array_start, .)
 *(SORT(.init_array.*))
 *(.init_array)
                0x20000010                PROVIDE (__init_array_end, .)
                0x20000010                . = ALIGN (0x4)
                0x20000010                PROVIDE (__fini_array_start, .)
 *(SORT(.fini_array.*))
 *(.fini_array)
                0x20000010                PROVIDE (__fini_array_end, .)
 *(.jcr*)
                0x20000010                . = ALIGN (0x4)
                0x20000010                __data_end__ = .
                0x20000010                _edata = __data_end__

.igot.plt       0x20000010        0x0 load address 0x08004168
 .igot.plt      0x00000000        0x0 ..\obj\stm32f0xx_rcc.o

.bss            0x20000010      0x2d4 load address 0x08004168
                0x20000010                . = ALIGN (0x4)
                0x20000010                __bss_start__ = .
                0x20000010                _sbss = __bss_start__
 *(.bss*)
 .bss           0x20000010       0x8c ..\obj\main.o
                0x20000010                dmabuf
 *(COMMON)
 COMMON         0x2000009c      0x248 ..\obj\main.o
                0x2000009c                D
                0x200000c8                N
                0x200000cc                G
                0x200000d4                I
                0x200000e4                sinewt
                0x200002e4                . = ALIGN (0x4)
                0x200002e4                __bss_end__ = .
                0x200002e4                _ebss = __bss_end__

.heap           0x200002e4        0x0
                0x200002e4                __end__ = .
                0x200002e4                _end = __end__
                0x200002e4                end = __end__
 *(.heap*)
                0x200002e4                __HeapLimit = .

.co_stack       0x200002e4        0x4 load address 0x0800443c
                0x200002e8                . = ALIGN (0x8)
 *fill*         0x200002e4        0x4 
 *(.co_stack .co_stack.*)
                0x20002000                __StackTop = (ORIGIN (ram) + 0x2000)
                0x20001ffc                __StackLimit = (__StackTop - SIZEOF (.co_stack))
                0x20002000                PROVIDE (__stack, __StackTop)
                0x00000001                ASSERT ((__StackLimit >= __HeapLimit), region ram  overflowed with stack)
LOAD ..\obj\stm32f0xx_rcc.o
LOAD ..\obj\main.o
LOAD ..\obj\startup_stm32f0xx.o
LOAD ..\obj\stm32f0xx_dma.o
LOAD ..\obj\stm32f0xx_spi.o
LOAD ..\obj\stm32f0xx_gpio.o
LOAD ..\obj\system_stm32f0xx.o
LOAD ..\obj\stm32f0xx_misc.o
LOAD d:/program files (x86)/gnu tools arm embedded/4.8 2014q3/bin/../lib/gcc/arm-none-eabi/4.8.4/../../../../arm-none-eabi/lib/armv6-m\libm.a
START GROUP
LOAD d:/program files (x86)/gnu tools arm embedded/4.8 2014q3/bin/../lib/gcc/arm-none-eabi/4.8.4/armv6-m\libgcc.a
LOAD d:/program files (x86)/gnu tools arm embedded/4.8 2014q3/bin/../lib/gcc/arm-none-eabi/4.8.4/../../../../arm-none-eabi/lib/armv6-m\libg.a
LOAD d:/program files (x86)/gnu tools arm embedded/4.8 2014q3/bin/../lib/gcc/arm-none-eabi/4.8.4/../../../../arm-none-eabi/lib/armv6-m\libc.a
END GROUP
OUTPUT(STM32F0-I2ST1.elf elf32-littlearm)

.debug_info     0x00000000     0x2c87
 .debug_info    0x00000000      0x99a ..\obj\stm32f0xx_rcc.o
 .debug_info    0x0000099a      0x75d ..\obj\main.o
 .debug_info    0x000010f7       0xb3 ..\obj\startup_stm32f0xx.o
 .debug_info    0x000011aa      0x428 ..\obj\stm32f0xx_dma.o
 .debug_info    0x000015d2      0xa8d ..\obj\stm32f0xx_spi.o
 .debug_info    0x0000205f      0x5cf ..\obj\stm32f0xx_gpio.o
 .debug_info    0x0000262e      0x2ef ..\obj\system_stm32f0xx.o
 .debug_info    0x0000291d      0x36a ..\obj\stm32f0xx_misc.o

.debug_abbrev   0x00000000      0xa85
 .debug_abbrev  0x00000000      0x1ec ..\obj\stm32f0xx_rcc.o
 .debug_abbrev  0x000001ec      0x178 ..\obj\main.o
 .debug_abbrev  0x00000364       0x12 ..\obj\startup_stm32f0xx.o
 .debug_abbrev  0x00000376      0x15c ..\obj\stm32f0xx_dma.o
 .debug_abbrev  0x000004d2      0x1a1 ..\obj\stm32f0xx_spi.o
 .debug_abbrev  0x00000673      0x19b ..\obj\stm32f0xx_gpio.o
 .debug_abbrev  0x0000080e      0x134 ..\obj\system_stm32f0xx.o
 .debug_abbrev  0x00000942      0x143 ..\obj\stm32f0xx_misc.o

.debug_aranges  0x00000000      0x408
 .debug_aranges
                0x00000000      0x150 ..\obj\stm32f0xx_rcc.o
 .debug_aranges
                0x00000150       0x30 ..\obj\main.o
 .debug_aranges
                0x00000180       0x28 ..\obj\startup_stm32f0xx.o
 .debug_aranges
                0x000001a8       0x70 ..\obj\stm32f0xx_dma.o
 .debug_aranges
                0x00000218      0x110 ..\obj\stm32f0xx_spi.o
 .debug_aranges
                0x00000328       0x80 ..\obj\stm32f0xx_gpio.o
 .debug_aranges
                0x000003a8       0x30 ..\obj\system_stm32f0xx.o
 .debug_aranges
                0x000003d8       0x30 ..\obj\stm32f0xx_misc.o

.debug_ranges   0x00000000      0x390
 .debug_ranges  0x00000000      0x140 ..\obj\stm32f0xx_rcc.o
 .debug_ranges  0x00000140       0x20 ..\obj\main.o
 .debug_ranges  0x00000160       0x20 ..\obj\startup_stm32f0xx.o
 .debug_ranges  0x00000180       0x60 ..\obj\stm32f0xx_dma.o
 .debug_ranges  0x000001e0      0x100 ..\obj\stm32f0xx_spi.o
 .debug_ranges  0x000002e0       0x70 ..\obj\stm32f0xx_gpio.o
 .debug_ranges  0x00000350       0x20 ..\obj\system_stm32f0xx.o
 .debug_ranges  0x00000370       0x20 ..\obj\stm32f0xx_misc.o

.debug_line     0x00000000     0x164b
 .debug_line    0x00000000      0x512 ..\obj\stm32f0xx_rcc.o
 .debug_line    0x00000512      0x267 ..\obj\main.o
 .debug_line    0x00000779       0xb0 ..\obj\startup_stm32f0xx.o
 .debug_line    0x00000829      0x2b5 ..\obj\stm32f0xx_dma.o
 .debug_line    0x00000ade      0x489 ..\obj\stm32f0xx_spi.o
 .debug_line    0x00000f67      0x2ed ..\obj\stm32f0xx_gpio.o
 .debug_line    0x00001254      0x1bb ..\obj\system_stm32f0xx.o
 .debug_line    0x0000140f      0x23c ..\obj\stm32f0xx_misc.o

.debug_str      0x00000000     0x14be
 .debug_str     0x00000000      0x682 ..\obj\stm32f0xx_rcc.o
                                0x720 (size before relaxing)
 .debug_str     0x00000682      0x5c7 ..\obj\main.o
                                0x742 (size before relaxing)
 .debug_str     0x00000c49      0x13b ..\obj\stm32f0xx_dma.o
                                0x39c (size before relaxing)
 .debug_str     0x00000d84      0x3e7 ..\obj\stm32f0xx_spi.o
                                0x6f9 (size before relaxing)
 .debug_str     0x0000116b      0x190 ..\obj\stm32f0xx_gpio.o
                                0x487 (size before relaxing)
 .debug_str     0x000012fb       0xa7 ..\obj\system_stm32f0xx.o
                                0x28f (size before relaxing)
 .debug_str     0x000013a2      0x11c ..\obj\stm32f0xx_misc.o
                                0x2f1 (size before relaxing)

.comment        0x00000000       0x70
 .comment       0x00000000       0x70 ..\obj\stm32f0xx_rcc.o
                                 0x71 (size before relaxing)
 .comment       0x00000000       0x71 ..\obj\main.o
 .comment       0x00000000       0x71 ..\obj\stm32f0xx_dma.o
 .comment       0x00000000       0x71 ..\obj\stm32f0xx_spi.o
 .comment       0x00000000       0x71 ..\obj\stm32f0xx_gpio.o
 .comment       0x00000000       0x71 ..\obj\system_stm32f0xx.o
 .comment       0x00000000       0x71 ..\obj\stm32f0xx_misc.o

.ARM.attributes
                0x00000000       0x2f
 .ARM.attributes
                0x00000000       0x31 ..\obj\stm32f0xx_rcc.o
 .ARM.attributes
                0x00000031       0x31 ..\obj\main.o
 .ARM.attributes
                0x00000062       0x21 ..\obj\startup_stm32f0xx.o
 .ARM.attributes
                0x00000083       0x31 ..\obj\stm32f0xx_dma.o
 .ARM.attributes
                0x000000b4       0x31 ..\obj\stm32f0xx_spi.o
 .ARM.attributes
                0x000000e5       0x31 ..\obj\stm32f0xx_gpio.o
 .ARM.attributes
                0x00000116       0x31 ..\obj\system_stm32f0xx.o
 .ARM.attributes
                0x00000147       0x31 ..\obj\stm32f0xx_misc.o
 .ARM.attributes
                0x00000178       0x2c d:/program files (x86)/gnu tools arm embedded/4.8 2014q3/bin/../lib/gcc/arm-none-eabi/4.8.4/../../../../arm-none-eabi/lib/armv6-m\libm.a(lib_a-s_sin.o)
 .ARM.attributes
                0x000001a4       0x2c d:/program files (x86)/gnu tools arm embedded/4.8 2014q3/bin/../lib/gcc/arm-none-eabi/4.8.4/../../../../arm-none-eabi/lib/armv6-m\libm.a(lib_a-e_rem_pio2.o)
 .ARM.attributes
                0x000001d0       0x2c d:/program files (x86)/gnu tools arm embedded/4.8 2014q3/bin/../lib/gcc/arm-none-eabi/4.8.4/../../../../arm-none-eabi/lib/armv6-m\libm.a(lib_a-k_cos.o)
 .ARM.attributes
                0x000001fc       0x2c d:/program files (x86)/gnu tools arm embedded/4.8 2014q3/bin/../lib/gcc/arm-none-eabi/4.8.4/../../../../arm-none-eabi/lib/armv6-m\libm.a(lib_a-k_rem_pio2.o)
 .ARM.attributes
                0x00000228       0x2c d:/program files (x86)/gnu tools arm embedded/4.8 2014q3/bin/../lib/gcc/arm-none-eabi/4.8.4/../../../../arm-none-eabi/lib/armv6-m\libm.a(lib_a-k_sin.o)
 .ARM.attributes
                0x00000254       0x2c d:/program files (x86)/gnu tools arm embedded/4.8 2014q3/bin/../lib/gcc/arm-none-eabi/4.8.4/../../../../arm-none-eabi/lib/armv6-m\libm.a(lib_a-s_fabs.o)
 .ARM.attributes
                0x00000280       0x2c d:/program files (x86)/gnu tools arm embedded/4.8 2014q3/bin/../lib/gcc/arm-none-eabi/4.8.4/../../../../arm-none-eabi/lib/armv6-m\libm.a(lib_a-s_floor.o)
 .ARM.attributes
                0x000002ac       0x2c d:/program files (x86)/gnu tools arm embedded/4.8 2014q3/bin/../lib/gcc/arm-none-eabi/4.8.4/../../../../arm-none-eabi/lib/armv6-m\libm.a(lib_a-s_scalbn.o)
 .ARM.attributes
                0x000002d8       0x2c d:/program files (x86)/gnu tools arm embedded/4.8 2014q3/bin/../lib/gcc/arm-none-eabi/4.8.4/../../../../arm-none-eabi/lib/armv6-m\libm.a(lib_a-s_copysign.o)
 .ARM.attributes
                0x00000304       0x1e d:/program files (x86)/gnu tools arm embedded/4.8 2014q3/bin/../lib/gcc/arm-none-eabi/4.8.4/armv6-m\libgcc.a(_udivsi3.o)
 .ARM.attributes
                0x00000322       0x1e d:/program files (x86)/gnu tools arm embedded/4.8 2014q3/bin/../lib/gcc/arm-none-eabi/4.8.4/armv6-m\libgcc.a(_divsi3.o)
 .ARM.attributes
                0x00000340       0x1e d:/program files (x86)/gnu tools arm embedded/4.8 2014q3/bin/../lib/gcc/arm-none-eabi/4.8.4/armv6-m\libgcc.a(_dvmd_tls.o)
 .ARM.attributes
                0x0000035e       0x1e d:/program files (x86)/gnu tools arm embedded/4.8 2014q3/bin/../lib/gcc/arm-none-eabi/4.8.4/armv6-m\libgcc.a(_arm_cmpdf2.o)
 .ARM.attributes
                0x0000037c       0x2c d:/program files (x86)/gnu tools arm embedded/4.8 2014q3/bin/../lib/gcc/arm-none-eabi/4.8.4/armv6-m\libgcc.a(adddf3.o)
 .ARM.attributes
                0x000003a8       0x2c d:/program files (x86)/gnu tools arm embedded/4.8 2014q3/bin/../lib/gcc/arm-none-eabi/4.8.4/armv6-m\libgcc.a(divdf3.o)
 .ARM.attributes
                0x000003d4       0x2c d:/program files (x86)/gnu tools arm embedded/4.8 2014q3/bin/../lib/gcc/arm-none-eabi/4.8.4/armv6-m\libgcc.a(eqdf2.o)
 .ARM.attributes
                0x00000400       0x2c d:/program files (x86)/gnu tools arm embedded/4.8 2014q3/bin/../lib/gcc/arm-none-eabi/4.8.4/armv6-m\libgcc.a(gedf2.o)
 .ARM.attributes
                0x0000042c       0x2c d:/program files (x86)/gnu tools arm embedded/4.8 2014q3/bin/../lib/gcc/arm-none-eabi/4.8.4/armv6-m\libgcc.a(ledf2.o)
 .ARM.attributes
                0x00000458       0x2c d:/program files (x86)/gnu tools arm embedded/4.8 2014q3/bin/../lib/gcc/arm-none-eabi/4.8.4/armv6-m\libgcc.a(muldf3.o)
 .ARM.attributes
                0x00000484       0x2c d:/program files (x86)/gnu tools arm embedded/4.8 2014q3/bin/../lib/gcc/arm-none-eabi/4.8.4/armv6-m\libgcc.a(subdf3.o)
 .ARM.attributes
                0x000004b0       0x2c d:/program files (x86)/gnu tools arm embedded/4.8 2014q3/bin/../lib/gcc/arm-none-eabi/4.8.4/armv6-m\libgcc.a(fixdfsi.o)
 .ARM.attributes
                0x000004dc       0x2c d:/program files (x86)/gnu tools arm embedded/4.8 2014q3/bin/../lib/gcc/arm-none-eabi/4.8.4/armv6-m\libgcc.a(floatsidf.o)
 .ARM.attributes
                0x00000508       0x2c d:/program files (x86)/gnu tools arm embedded/4.8 2014q3/bin/../lib/gcc/arm-none-eabi/4.8.4/armv6-m\libgcc.a(floatunsidf.o)
 .ARM.attributes
                0x00000534       0x1e d:/program files (x86)/gnu tools arm embedded/4.8 2014q3/bin/../lib/gcc/arm-none-eabi/4.8.4/armv6-m\libgcc.a(_clzsi2.o)

.debug_frame    0x00000000     0x1168
 .debug_frame   0x00000000      0x4e4 ..\obj\stm32f0xx_rcc.o
 .debug_frame   0x000004e4       0x70 ..\obj\main.o
 .debug_frame   0x00000554      0x170 ..\obj\stm32f0xx_dma.o
 .debug_frame   0x000006c4      0x3f0 ..\obj\stm32f0xx_spi.o
 .debug_frame   0x00000ab4      0x1b0 ..\obj\stm32f0xx_gpio.o
 .debug_frame   0x00000c64       0x6c ..\obj\system_stm32f0xx.o
 .debug_frame   0x00000cd0       0x70 ..\obj\stm32f0xx_misc.o
 .debug_frame   0x00000d40       0x2c d:/program files (x86)/gnu tools arm embedded/4.8 2014q3/bin/../lib/gcc/arm-none-eabi/4.8.4/../../../../arm-none-eabi/lib/armv6-m\libm.a(lib_a-s_sin.o)
 .debug_frame   0x00000d6c       0x3c d:/program files (x86)/gnu tools arm embedded/4.8 2014q3/bin/../lib/gcc/arm-none-eabi/4.8.4/../../../../arm-none-eabi/lib/armv6-m\libm.a(lib_a-e_rem_pio2.o)
 .debug_frame   0x00000da8       0x38 d:/program files (x86)/gnu tools arm embedded/4.8 2014q3/bin/../lib/gcc/arm-none-eabi/4.8.4/../../../../arm-none-eabi/lib/armv6-m\libm.a(lib_a-k_cos.o)
 .debug_frame   0x00000de0       0x3c d:/program files (x86)/gnu tools arm embedded/4.8 2014q3/bin/../lib/gcc/arm-none-eabi/4.8.4/../../../../arm-none-eabi/lib/armv6-m\libm.a(lib_a-k_rem_pio2.o)
 .debug_frame   0x00000e1c       0x30 d:/program files (x86)/gnu tools arm embedded/4.8 2014q3/bin/../lib/gcc/arm-none-eabi/4.8.4/../../../../arm-none-eabi/lib/armv6-m\libm.a(lib_a-k_sin.o)
 .debug_frame   0x00000e4c       0x20 d:/program files (x86)/gnu tools arm embedded/4.8 2014q3/bin/../lib/gcc/arm-none-eabi/4.8.4/../../../../arm-none-eabi/lib/armv6-m\libm.a(lib_a-s_fabs.o)
 .debug_frame   0x00000e6c       0x3c d:/program files (x86)/gnu tools arm embedded/4.8 2014q3/bin/../lib/gcc/arm-none-eabi/4.8.4/../../../../arm-none-eabi/lib/armv6-m\libm.a(lib_a-s_floor.o)
 .debug_frame   0x00000ea8       0x30 d:/program files (x86)/gnu tools arm embedded/4.8 2014q3/bin/../lib/gcc/arm-none-eabi/4.8.4/../../../../arm-none-eabi/lib/armv6-m\libm.a(lib_a-s_scalbn.o)
 .debug_frame   0x00000ed8       0x2c d:/program files (x86)/gnu tools arm embedded/4.8 2014q3/bin/../lib/gcc/arm-none-eabi/4.8.4/../../../../arm-none-eabi/lib/armv6-m\libm.a(lib_a-s_copysign.o)
 .debug_frame   0x00000f04       0x20 d:/program files (x86)/gnu tools arm embedded/4.8 2014q3/bin/../lib/gcc/arm-none-eabi/4.8.4/armv6-m\libgcc.a(_udivsi3.o)
 .debug_frame   0x00000f24       0x20 d:/program files (x86)/gnu tools arm embedded/4.8 2014q3/bin/../lib/gcc/arm-none-eabi/4.8.4/armv6-m\libgcc.a(_divsi3.o)
 .debug_frame   0x00000f44       0x3c d:/program files (x86)/gnu tools arm embedded/4.8 2014q3/bin/../lib/gcc/arm-none-eabi/4.8.4/armv6-m\libgcc.a(adddf3.o)
 .debug_frame   0x00000f80       0x3c d:/program files (x86)/gnu tools arm embedded/4.8 2014q3/bin/../lib/gcc/arm-none-eabi/4.8.4/armv6-m\libgcc.a(divdf3.o)
 .debug_frame   0x00000fbc       0x3c d:/program files (x86)/gnu tools arm embedded/4.8 2014q3/bin/../lib/gcc/arm-none-eabi/4.8.4/armv6-m\libgcc.a(eqdf2.o)
 .debug_frame   0x00000ff8       0x38 d:/program files (x86)/gnu tools arm embedded/4.8 2014q3/bin/../lib/gcc/arm-none-eabi/4.8.4/armv6-m\libgcc.a(gedf2.o)
 .debug_frame   0x00001030       0x3c d:/program files (x86)/gnu tools arm embedded/4.8 2014q3/bin/../lib/gcc/arm-none-eabi/4.8.4/armv6-m\libgcc.a(ledf2.o)
 .debug_frame   0x0000106c       0x3c d:/program files (x86)/gnu tools arm embedded/4.8 2014q3/bin/../lib/gcc/arm-none-eabi/4.8.4/armv6-m\libgcc.a(muldf3.o)
 .debug_frame   0x000010a8       0x3c d:/program files (x86)/gnu tools arm embedded/4.8 2014q3/bin/../lib/gcc/arm-none-eabi/4.8.4/armv6-m\libgcc.a(subdf3.o)
 .debug_frame   0x000010e4       0x2c d:/program files (x86)/gnu tools arm embedded/4.8 2014q3/bin/../lib/gcc/arm-none-eabi/4.8.4/armv6-m\libgcc.a(fixdfsi.o)
 .debug_frame   0x00001110       0x30 d:/program files (x86)/gnu tools arm embedded/4.8 2014q3/bin/../lib/gcc/arm-none-eabi/4.8.4/armv6-m\libgcc.a(floatsidf.o)
 .debug_frame   0x00001140       0x28 d:/program files (x86)/gnu tools arm embedded/4.8 2014q3/bin/../lib/gcc/arm-none-eabi/4.8.4/armv6-m\libgcc.a(floatunsidf.o)
